// Jest Snapshot v1, https://goo.gl/fbAQLP

exports[`AboutView Coincide con el snapshot 1`] = `
<div>
  <h1>
    Vista de About
  </h1>
  <p>
    Parrafo de about
  </p>
</div>
`;
