// Jest Snapshot v1, https://goo.gl/fbAQLP

exports[`ContactView Coincide con el snapshot 1`] = `
<div>
  <h1>
    Vista de Contacto
  </h1>
</div>
`;
